// Jest Snapshot v1, https://goo.gl/fbAQLP

exports[`loader renders correctly 1`] = `
<styled.div>
  <styled.svg
    viewBox="0 0 50 50"
  >
    <circle
      cx="25"
      cy="25"
      fill="none"
      r="20"
      strokeWidth="5"
    />
  </styled.svg>
</styled.div>
`;
