// Jest Snapshot v1, https://goo.gl/fbAQLP

exports[`AddUser renders correctly 1`] = `
<styled.div>
  <styled.button
    onClick={[Function]}
  >
    Добавить
  </styled.button>
</styled.div>
`;
