// Jest Snapshot v1, https://goo.gl/fbAQLP

exports[`search field renders correctly 1`] = `
<SearchField
  changeFilterValue={[MockFunction]}
>
  <styled.div>
    <div
      className="sc-bdnylx dcymWg"
    >
      <div
        style={
          Object {
            "position": "relative",
          }
        }
      >
        <styled.input
          name="filter"
          onChange={[Function]}
          onKeyPress={[Function]}
          placeholder="Поиск"
          type="text"
          value=""
        >
          <input
            className="sc-dlnjPT lovDsq"
            name="filter"
            onChange={[Function]}
            onKeyPress={[Function]}
            placeholder="Поиск"
            type="text"
            value=""
          />
        </styled.input>
        <FontAwesomeIcon
          border={false}
          className=""
          fixedWidth={false}
          flip={null}
          icon={
            Object {
              "icon": Array [
                352,
                512,
                Array [],
                "f00d",
                "M242.72 256l100.07-100.07c12.28-12.28 12.28-32.19 0-44.48l-22.24-22.24c-12.28-12.28-32.19-12.28-44.48 0L176 189.28 75.93 89.21c-12.28-12.28-32.19-12.28-44.48 0L9.21 111.45c-12.28 12.28-12.28 32.19 0 44.48L109.28 256 9.21 356.07c-12.28 12.28-12.28 32.19 0 44.48l22.24 22.24c12.28 12.28 32.2 12.28 44.48 0L176 322.72l100.07 100.07c12.28 12.28 32.2 12.28 44.48 0l22.24-22.24c12.28-12.28 12.28-32.19 0-44.48L242.72 256z",
              ],
              "iconName": "times",
              "prefix": "fas",
            }
          }
          inverse={false}
          listItem={false}
          mask={null}
          onClick={[Function]}
          pull={null}
          pulse={false}
          rotation={null}
          size={null}
          spin={false}
          swapOpacity={false}
          symbol={false}
          title=""
          transform={null}
        >
          <svg
            aria-hidden="true"
            className="svg-inline--fa fa-times fa-w-11 "
            data-icon="times"
            data-prefix="fas"
            focusable="false"
            onClick={[Function]}
            role="img"
            style={Object {}}
            viewBox="0 0 352 512"
            xmlns="http://www.w3.org/2000/svg"
          >
            <path
              d="M242.72 256l100.07-100.07c12.28-12.28 12.28-32.19 0-44.48l-22.24-22.24c-12.28-12.28-32.19-12.28-44.48 0L176 189.28 75.93 89.21c-12.28-12.28-32.19-12.28-44.48 0L9.21 111.45c-12.28 12.28-12.28 32.19 0 44.48L109.28 256 9.21 356.07c-12.28 12.28-12.28 32.19 0 44.48l22.24 22.24c12.28 12.28 32.2 12.28 44.48 0L176 322.72l100.07 100.07c12.28 12.28 32.2 12.28 44.48 0l22.24-22.24c12.28-12.28 12.28-32.19 0-44.48L242.72 256z"
              fill="currentColor"
              style={Object {}}
            />
          </svg>
        </FontAwesomeIcon>
      </div>
      <styled.button
        onClick={[Function]}
      >
        <button
          className="sc-gtssRu eOovzA"
          onClick={[Function]}
        >
          Найти
        </button>
      </styled.button>
    </div>
  </styled.div>
</SearchField>
`;
